404 test down with status 404 at Sep 25 20 11:25:59 AM  -  404 Client Error: NOT FOUND for url: https://httpbin.org/status/404
404 test down with status 404 at Sep 25 20 11:27:01 AM  -  404 Client Error: NOT FOUND for url: https://httpbin.org/status/404
404 test down with status 404 at Sep 25 20 11:35:34 AM  -  404 Client Error: NOT FOUND for url: https://httpbin.org/status/404
404 test down with status 404 at Sep 25 20 11:36:36 AM  -  404 Client Error: NOT FOUND for url: https://httpbin.org/status/404
404 test down with status 404 at Sep 25 20 11:37:37 AM  -  404 Client Error: NOT FOUND for url: https://httpbin.org/status/404
404 test down with status 404 at Sep 25 20 11:38:39 AM  -  404 Client Error: NOT FOUND for url: https://httpbin.org/status/404
404 test down with status 404 at Sep 25 20 11:39:40 AM  -  404 Client Error: NOT FOUND for url: https://httpbin.org/status/404
404 test down with status 404 at Sep 25 20 11:40:42 AM  -  404 Client Error: NOT FOUND for url: https://httpbin.org/status/404
404 test down with status 404 at Sep 25 20 11:41:44 AM  -  404 Client Error: NOT FOUND for url: https://httpbin.org/status/404
404 test down with status 404 at Sep 25 20 11:42:46 AM  -  404 Client Error: NOT FOUND for url: https://httpbin.org/status/404
404 test down with status 404 at Sep 25 20 11:44:49 AM  -  404 Client Error: NOT FOUND for url: https://httpbin.org/status/404
404 test down with status 404 at Sep 25 20 11:47:40 AM  -  404 Client Error: NOT FOUND for url: https://httpbin.org/status/404
404 test down with status 404 at Sep 25 20 11:48:02 AM  -  404 Client Error: NOT FOUND for url: https://httpbin.org/status/404
404 test down with status 404 at Sep 25 20 11:48:33 AM  -  404 Client Error: NOT FOUND for url: https://httpbin.org/status/404
404 test down with status 404 at Sep 25 20 11:49:28 AM  -  404 Client Error: NOT FOUND for url: https://httpbin.org/status/404
404 test down with status 404 at Sep 25 20 11:51:43 AM  -  404 Client Error: NOT FOUND for url: https://httpbin.org/status/404
404 test down with status 404 at Sep 25 20 11:52:42 AM  -  404 Client Error: NOT FOUND for url: https://httpbin.org/status/404
404 test down with status 404 at Sep 25 20 11:53:21 AM  -  404 Client Error: NOT FOUND for url: https://httpbin.org/status/404
404 test down with status 404 at Sep 25 20 11:54:09 AM  -  404 Client Error: NOT FOUND for url: https://httpbin.org/status/404
404 test down with status 404 at Sep 25 20 11:54:55 AM  -  404 Client Error: NOT FOUND for url: https://httpbin.org/status/404
404 test down with status 404 at Sep 25 20 11:56:07 AM  -  404 Client Error: NOT FOUND for url: https://httpbin.org/status/404
404 test down with status 404 at Sep 25 20 11:56:40 AM  -  404 Client Error: NOT FOUND for url: https://httpbin.org/status/404
404 test down with status 404 at Sep 25 20 11:57:10 AM  -  404 Client Error: NOT FOUND for url: https://httpbin.org/status/404
404 test down with status 404 at Sep 25 20 11:58:51 AM  -  404 Client Error: NOT FOUND for url: https://httpbin.org/status/404
404 test down with status 404 at Sep 25 20 11:59:53 AM  -  404 Client Error: NOT FOUND for url: https://httpbin.org/status/404
404 test down with status 404 at Sep 25 20 12:02:38 PM  -  404 Client Error: NOT FOUND for url: https://httpbin.org/status/404
404 test down with status 404 at Sep 25 20 12:06:21 PM  -  404 Client Error: NOT FOUND for url: https://httpbin.org/status/404
AMP down with status 200 at Sep 25 20 12:09:29 PM  -  HTTPSConnectionPool(host='www.account.ikonpass.com', port=443): Max retries exceeded with url: / (Caused by NewConnectionError('<urllib3.connection.HTTPSConnection object at 0x1042036a0>: Failed to establish a new connection: [Errno 8] nodename nor servname provided, or not known'))
Squaw Alpine with status 200 missing search text ' poop ' at Sep 25 20 12:57:36 PM
Squaw Alpine with status 200 missing search text ' poop ' at Sep 25 20 12:58:24 PM
Squaw Alpine with status 200 missing search text ' poop ' at Sep 25 20 01:00:48 PM
Squaw Alpine with status 200 missing search text ' poop ' at Sep 25 20 01:01:18 PM
404 test down with status 404 at Sep 25 20 01:01:20 PM  -  404 Client Error: NOT FOUND for url: https://httpbin.org/status/404
Squaw Alpine with status 200 missing search text ' poop ' at Sep 25 20 01:02:01 PM
404 test down with status 404 at Sep 25 20 01:02:03 PM  -  404 Client Error: NOT FOUND for url: https://httpbin.org/status/404
Squaw Alpine with status 200 missing search text ' poop ' at Sep 25 20 01:03:46 PM
404 test down with status 404 at Sep 25 20 01:03:48 PM  -  404 Client Error: NOT FOUND for url: https://httpbin.org/status/404
Squaw Alpine with status 200 missing search text ' poop ' at Sep 25 20 01:04:15 PM
404 test down with status 404 at Sep 25 20 01:04:17 PM  -  404 Client Error: NOT FOUND for url: https://httpbin.org/status/404
Squaw Alpine with status 200 missing search text ' poop ' at Sep 25 20 01:05:10 PM
404 test down with status 404 at Sep 25 20 01:05:12 PM  -  404 Client Error: NOT FOUND for url: https://httpbin.org/status/404
Squaw Alpine with status [92m 200 [0m missing search text ' poop ' at Sep 25 20 01:06:53 PM
404 test down with status 404 at Sep 25 20 01:06:55 PM  -  404 Client Error: NOT FOUND for url: https://httpbin.org/status/404
Squaw Alpine down with status 200 at Sep 25 20 01:07:19 PM  -  can only concatenate str (not "int") to str
404 test down with status 404 at Sep 25 20 01:07:20 PM  -  404 Client Error: NOT FOUND for url: https://httpbin.org/status/404
Squaw Alpine with status 200 missing search text ' poop ' at Sep 25 20 01:08:22 PM
404 test down with status [92m 404 [0m at Sep 25 20 01:08:24 PM  -  404 Client Error: NOT FOUND for url: https://httpbin.org/status/404
Squaw Alpine with status 200 missing search text ' poop ' at Sep 25 20 01:09:56 PM
404 test down with status 404 at Sep 25 20 01:09:58 PM  -  404 Client Error: NOT FOUND for url: https://httpbin.org/status/404
Squaw Alpine with status 200 missing search text ' poop ' at Sep 25 20 01:10:47 PM
404 test down with status 404 at Sep 25 20 01:10:49 PM  -  404 Client Error: NOT FOUND for url: https://httpbin.org/status/404
Squaw Alpine with status 200 missing search text ' poop ' at Sep 25 20 01:11:11 PM
404 test down with status 404 at Sep 25 20 01:11:13 PM  -  404 Client Error: NOT FOUND for url: https://httpbin.org/status/404
Squaw Alpine with status 200 missing search text ' poop ' at Sep 25 20 01:11:59 PM
404 test down with status 404 at Sep 25 20 01:12:00 PM  -  404 Client Error: NOT FOUND for url: https://httpbin.org/status/404
Squaw Alpine with status 200 missing search text ' poop ' at Sep 25 20 01:12:13 PM
404 test down with status 404 at Sep 25 20 01:12:15 PM  -  404 Client Error: NOT FOUND for url: https://httpbin.org/status/404
Squaw Alpine with status 200 missing search text ' poop ' at Sep 25 20 01:16:36 PM
404 test down with status 404 at Sep 25 20 01:16:38 PM  -  404 Client Error: NOT FOUND for url: https://httpbin.org/status/404
Squaw Alpine with status 200 missing search text ' poop ' at Sep 25 20 01:17:46 PM
404 test down with status 404 at Sep 25 20 01:17:48 PM  -  404 Client Error: NOT FOUND for url: https://httpbin.org/status/404
Steamboat with status 200 missing search text ' Privacy Policy ' at Sep 25 20 01:21:25 PM
DrkPxl with status 200 missing search text ' Privacy Policy ' at Sep 25 20 01:21:26 PM
Ikon Pass with status 200 missing search text ' Your credit card issuer may charge additional transaction and/or conversion fees for purchases made in foreign currency. ' at Sep 25 20 01:21:26 PM
Steamboat with status 200 missing search text ' Privacy Policy ' at Sep 25 20 01:22:36 PM
Ikon Pass with status 200 missing search text ' Your credit card issuer ' at Sep 25 20 01:22:37 PM
Steamboat with status 200 missing search text ' Privacy Policy ' at Sep 25 20 01:23:11 PM
Ikon Pass with status 200 missing search text ' mainContent ' at Sep 25 20 01:23:12 PM
Steamboat with status 200 missing search text ' Privacy Policy ' at Sep 25 20 01:26:53 PM
Steamboat with status 200 missing search text ' Privacy Policy ' at Sep 25 20 01:29:01 PM
Steamboat with status 200 missing search text ' Privacy Policy ' at Sep 25 20 01:29:47 PM
Squaw Alpine down with status 200 at Sep 25 20 01:35:09 PM  -  type object 'bcolors' has no attribute 'ENDC'
Steamboat with status 200 missing search text ' Privacy Policy ' at Sep 25 20 01:36:23 PM
Steamboat with status 200 missing search text ' Privacy Policy ' at Sep 25 20 01:39:57 PM
Stratton with status 200 missing search text ' Privacy Policy ' at Sep 26 20 07:41:16 PM
Stratton with status 200 missing search text ' Privacy Policy ' at Sep 28 20 08:00:04 AM
Stratton with status 200 missing search text ' Privacy Policy ' at Sep 28 20 10:15:58 AM
Stratton with status 200 missing search text ' Privacy Policy ' at Sep 28 20 11:23:11 AM
Stratton with status 200 missing search text ' Privacy Policy ' at Sep 28 20 01:47:32 PM
DrkPxl down with status 200 at Sep 29 20 01:09:57 PM  -  HTTPSConnectionPool(host='www.drkpxl.com', port=443): Read timed out. (read timeout=5)
Stratton with status 200 missing search text ' Privacy Policy ' at Oct 09 20 11:22:52 AM
Stratton with status 200 missing search text ' Privacy Policy ' at Oct 09 20 11:23:55 AM
Stratton with status 200 missing search text ' Privacy Policy ' at Oct 09 20 11:24:57 AM
Stratton with status 200 missing search text ' Privacy Policy ' at Oct 09 20 11:25:59 AM
Stratton with status 200 missing search text ' Privacy Policy ' at Oct 09 20 11:27:01 AM
Stratton with status 200 missing search text ' Privacy Policy ' at Oct 09 20 11:28:03 AM
Stratton with status 200 missing search text ' Privacy Policy ' at Oct 09 20 11:29:05 AM
Stratton with status 200 missing search text ' Privacy Policy ' at Oct 09 20 11:30:07 AM
Stratton with status 200 missing search text ' Privacy Policy ' at Oct 09 20 11:31:10 AM
Stratton with status 200 missing search text ' Privacy Policy ' at Oct 09 20 11:32:12 AM
Stratton with status 200 missing search text ' Privacy Policy ' at Oct 09 20 11:33:14 AM
Stratton with status 200 missing search text ' Privacy Policy ' at Oct 09 20 11:34:16 AM
Stratton with status 200 missing search text ' Privacy Policy ' at Oct 09 20 11:35:19 AM
Stratton with status 200 missing search text ' Privacy Policy ' at Oct 09 20 11:36:21 AM
Stratton with status 200 missing search text ' Privacy Policy ' at Oct 09 20 11:37:23 AM
Stratton with status 200 missing search text ' Privacy Policy ' at Oct 09 20 11:38:26 AM
Stratton with status 200 missing search text ' Privacy Policy ' at Oct 09 20 11:39:49 AM
Stratton with status 200 missing search text ' Privacy Policy ' at Oct 09 20 11:55:54 AM
Stratton with status 200 missing search text ' Privacy Policy ' at Oct 09 20 11:56:56 AM
Stratton with status 200 missing search text ' Privacy Policy ' at Oct 09 20 11:57:59 AM
Stratton with status 200 missing search text ' Privacy Policy ' at Oct 09 20 11:59:01 AM
Stratton with status 200 missing search text ' Privacy Policy ' at Oct 09 20 12:00:03 PM
Stratton with status 200 missing search text ' Privacy Policy ' at Oct 09 20 12:01:05 PM
Stratton with status 200 missing search text ' Privacy Policy ' at Oct 09 20 12:02:08 PM
Stratton with status 200 missing search text ' Privacy Policy ' at Oct 09 20 12:03:10 PM
Stratton with status 200 missing search text ' Privacy Policy ' at Oct 09 20 12:04:12 PM
Stratton with status 200 missing search text ' Privacy Policy ' at Oct 09 20 12:05:14 PM
Stratton with status 200 missing search text ' Privacy Policy ' at Oct 09 20 12:06:16 PM
Stratton with status 200 missing search text ' Privacy Policy ' at Oct 09 20 12:07:19 PM
Stratton with status 200 missing search text ' Privacy Policy ' at Oct 09 20 12:08:21 PM
Stratton with status 200 missing search text ' Privacy Policy ' at Oct 09 20 12:09:23 PM
Stratton with status 200 missing search text ' Privacy Policy ' at Oct 09 20 12:10:25 PM
Stratton with status 200 missing search text ' Privacy Policy ' at Oct 09 20 12:11:27 PM
Stratton with status 200 missing search text ' Privacy Policy ' at Oct 09 20 12:12:29 PM
Stratton with status 200 missing search text ' Privacy Policy ' at Oct 09 20 12:13:31 PM
Stratton with status 200 missing search text ' Privacy Policy ' at Oct 09 20 12:14:33 PM
Stratton with status 200 missing search text ' Privacy Policy ' at Oct 09 20 12:15:35 PM
Stratton with status 200 missing search text ' Privacy Policy ' at Oct 09 20 12:16:38 PM
Stratton with status 200 missing search text ' Privacy Policy ' at Oct 09 20 12:17:40 PM
Stratton with status 200 missing search text ' Privacy Policy ' at Oct 09 20 12:18:42 PM
Stratton with status 200 missing search text ' Privacy Policy ' at Oct 09 20 12:19:44 PM
Stratton with status 200 missing search text ' Privacy Policy ' at Oct 09 20 12:20:47 PM
Stratton with status 200 missing search text ' Privacy Policy ' at Oct 12 20 02:20:41 PM
Stratton with status 200 missing search text ' Privacy Policy ' at Oct 12 20 02:21:55 PM
Stratton with status 200 missing search text ' Privacy Policy ' at Oct 12 20 02:22:57 PM
Stratton with status 200 missing search text ' Privacy Policy ' at Oct 12 20 02:23:59 PM
Stratton with status 200 missing search text ' Privacy Policy ' at Oct 12 20 02:25:01 PM
Stratton with status 200 missing search text ' Privacy Policy ' at Oct 12 20 02:26:03 PM
Stratton with status 200 missing search text ' Privacy Policy ' at Oct 12 20 02:26:17 PM
Stratton with status 200 missing search text ' Privacy Policy ' at Oct 12 20 02:27:20 PM
Stratton with status 200 missing search text ' Privacy Policy ' at Oct 12 20 02:29:53 PM
Stratton with status 200 missing search text ' Privacy Policy ' at Oct 12 20 02:30:48 PM
Stratton with status 200 missing search text ' Privacy Policy ' at Oct 12 20 02:31:33 PM
Stratton with status 200 missing search text ' Privacy Policy ' at Oct 12 20 02:31:53 PM
Stratton with status 200 missing search text ' Privacy Policy ' at Oct 12 20 02:33:15 PM
Stratton with status 200 missing search text ' Privacy Policy ' at Oct 12 20 02:34:48 PM
Stratton with status 200 missing search text ' Privacy Policy ' at Oct 12 20 02:35:06 PM
Stratton with status 200 missing search text ' Privacy Policy ' at Oct 12 20 02:36:14 PM
Stratton with status 200 missing search text ' Privacy Policy ' at Oct 12 20 02:36:34 PM
Stratton with status 200 missing search text ' Privacy Policy ' at Oct 12 20 02:39:36 PM
Stratton with status 200 missing search text ' Privacy Policy ' at Oct 12 20 02:40:00 PM
Stratton with status 200 missing search text ' Privacy Policy ' at Oct 12 20 02:40:24 PM
Stratton with status 200 missing search text ' Privacy Policy ' at Oct 12 20 02:41:12 PM
Stratton with status 200 missing search text ' Privacy Policy ' at Oct 12 20 02:49:38 PM
Stratton with status 200 missing search text ' Privacy Policy ' at Oct 12 20 02:51:31 PM
Stratton with status 200 missing search text ' Privacy Policy ' at Oct 12 20 02:51:56 PM
Stratton with status 200 missing search text ' Privacy Policy ' at Oct 12 20 02:52:16 PM
Stratton with status 200 missing search text ' Privacy Policy ' at Oct 12 20 02:52:38 PM
Stratton with status 200 missing search text ' Privacy Policy ' at Oct 12 20 02:53:51 PM
Stratton with status 200 missing search text ' Privacy Policy ' at Oct 12 20 02:56:24 PM
Stratton with status 200 missing search text ' Privacy Policy ' at Oct 12 20 03:01:19 PM
Stratton with status 200 missing search text ' Privacy Policy ' at Oct 12 20 03:02:39 PM
Stratton with status 200 missing search text ' Privacy Policy ' at Oct 12 20 03:03:34 PM
Stratton with status 200 missing search text ' Privacy Policy ' at Oct 12 20 03:05:37 PM
Stratton with status 200 missing search text ' Privacy Policy ' at Oct 12 20 03:05:39 PM
Stratton with status 200 missing search text ' Privacy Policy ' at Oct 12 20 03:05:41 PM
Stratton with status 200 missing search text ' Privacy Policy ' at Oct 12 20 03:05:42 PM
Stratton with status 200 missing search text ' Privacy Policy ' at Oct 12 20 03:05:44 PM
Stratton with status 200 missing search text ' Privacy Policy ' at Oct 12 20 03:05:46 PM
Stratton with status 200 missing search text ' Privacy Policy ' at Oct 12 20 03:05:47 PM
Stratton with status 200 missing search text ' Privacy Policy ' at Oct 12 20 03:05:49 PM
Stratton with status 200 missing search text ' Privacy Policy ' at Oct 12 20 03:05:54 PM
Stratton with status 200 missing search text ' Privacy Policy ' at Oct 12 20 03:06:56 PM
Stratton with status 200 missing search text ' Privacy Policy ' at Oct 12 20 03:07:58 PM
Stratton with status 200 missing search text ' Privacy Policy ' at Oct 12 20 03:09:00 PM
Stratton with status 200 missing search text ' Privacy Policy ' at Oct 12 20 03:10:03 PM
Stratton with status 200 missing search text ' Privacy Policy ' at Oct 12 20 03:10:07 PM
Stratton with status 200 missing search text ' Privacy Policy ' at Oct 12 20 03:11:02 PM
Stratton with status 200 missing search text ' Privacy Policy ' at Oct 12 20 03:12:04 PM
Stratton with status 200 missing search text ' Privacy Policy ' at Oct 12 20 03:12:18 PM
Stratton with status 200 missing search text ' Privacy Policy ' at Oct 12 20 03:13:20 PM
Stratton with status 200 missing search text ' Privacy Policy ' at Oct 12 20 03:14:22 PM
Stratton with status 200 missing search text ' Privacy Policy ' at Oct 12 20 03:15:24 PM
Stratton with status 200 missing search text ' Privacy Policy ' at Oct 12 20 03:16:26 PM
Stratton with status 200 missing search text ' Privacy Policy ' at Oct 12 20 03:17:08 PM
Stratton with status 200 missing search text ' Privacy Policy ' at Oct 12 20 03:18:10 PM
Stratton with status 200 missing search text ' Privacy Policy ' at Oct 12 20 03:19:13 PM
Stratton with status 200 missing search text ' Privacy Policy ' at Oct 12 20 03:20:15 PM
Stratton with status 200 missing search text ' Privacy Policy ' at Oct 12 20 03:22:36 PM
Stratton with status 200 missing search text ' Privacy Policy ' at Oct 12 20 03:22:43 PM
Stratton with status 200 missing search text ' Privacy Policy ' at Oct 12 20 03:22:55 PM
Stratton with status 200 missing search text ' Privacy Policy ' at Oct 12 20 03:23:57 PM
Stratton with status 200 missing search text ' Privacy Policy ' at Oct 12 20 03:24:59 PM
Stratton with status 200 missing search text ' Privacy Policy ' at Oct 12 20 03:25:58 PM
Stratton with status 200 missing search text ' Privacy Policy ' at Oct 12 20 03:26:07 PM
Stratton with status 200 missing search text ' Privacy Policy ' at Oct 12 20 03:26:26 PM
Stratton with status 200 missing search text ' Privacy Policy ' at Oct 12 20 03:27:28 PM
Stratton with status 200 missing search text ' Privacy Policy ' at Oct 12 20 03:28:07 PM
Stratton with status 200 missing search text ' Privacy Policy ' at Oct 12 20 03:28:40 PM
Stratton with status 200 missing search text ' Privacy Policy ' at Oct 12 20 03:29:43 PM
Stratton with status 200 missing search text ' Privacy Policy ' at Oct 12 20 03:30:45 PM
Stratton with status 200 missing search text ' Privacy Policy ' at Oct 12 20 03:31:47 PM
Stratton with status 200 missing search text ' Privacy Policy ' at Oct 12 20 03:32:42 PM
Stratton with status 200 missing search text ' Privacy Policy ' at Oct 12 20 03:33:44 PM
Stratton with status 200 missing search text ' Privacy Policy ' at Oct 12 20 03:33:52 PM
Stratton with status 200 missing search text ' Privacy Policy ' at Oct 12 20 03:34:54 PM
Stratton with status 200 missing search text ' Privacy Policy ' at Oct 12 20 03:36:06 PM
Stratton with status 200 missing search text ' Privacy Policy ' at Oct 12 20 03:37:08 PM
Stratton with status 200 missing search text ' Privacy Policy ' at Oct 12 20 03:37:35 PM
Stratton with status 200 missing search text ' Privacy Policy ' at Oct 12 20 03:38:37 PM
Stratton with status 200 missing search text ' Privacy Policy ' at Oct 12 20 03:38:50 PM
Stratton with status 200 missing search text ' Privacy Policy ' at Oct 12 20 03:39:52 PM
Stratton with status 200 missing search text ' Privacy Policy ' at Oct 12 20 03:41:22 PM
Stratton with status 200 missing search text ' Privacy Policy ' at Oct 12 20 03:41:58 PM
Stratton with status 200 missing search text ' Privacy Policy ' at Oct 12 20 03:46:54 PM
Stratton with status 200 missing search text ' Privacy Policy ' at Oct 12 20 03:48:21 PM
Stratton with status 200 missing search text ' Privacy Policy ' at Oct 12 20 03:49:23 PM
Stratton with status 200 missing search text ' Privacy Policy ' at Oct 12 20 03:49:53 PM
Stratton with status 200 missing search text ' Privacy Policy ' at Oct 12 20 03:50:55 PM
Stratton with status 200 missing search text ' Privacy Policy ' at Oct 12 20 03:51:58 PM
Stratton with status 200 missing search text ' Privacy Policy ' at Oct 12 20 03:53:00 PM
Stratton with status 200 missing search text ' Privacy Policy ' at Oct 12 20 03:54:02 PM
Stratton with status 200 missing search text ' Privacy Policy ' at Oct 12 20 03:55:04 PM
Stratton with status 200 missing search text ' Privacy Policy ' at Oct 12 20 03:56:06 PM
Stratton with status 200 missing search text ' Privacy Policy ' at Oct 12 20 03:57:08 PM
Stratton with status 200 missing search text ' Privacy Policy ' at Oct 12 20 03:58:11 PM
Stratton with status 200 missing search text ' Privacy Policy ' at Oct 12 20 03:59:13 PM
Stratton with status 200 missing search text ' Privacy Policy ' at Oct 12 20 04:00:15 PM
Stratton with status 200 missing search text ' Privacy Policy ' at Oct 12 20 04:01:17 PM
Stratton with status 200 missing search text ' Privacy Policy ' at Oct 12 20 04:02:04 PM
Stratton with status 200 missing search text ' Privacy Policy ' at Oct 12 20 04:03:04 PM
Stratton with status 200 missing search text ' Privacy Policy ' at Oct 12 20 04:04:19 PM
Stratton with status 200 missing search text ' Privacy Policy ' at Oct 12 20 04:04:48 PM
Stratton with status 200 missing search text ' Privacy Policy ' at Oct 12 20 04:05:54 PM
Stratton with status 200 missing search text ' Privacy Policy ' at Oct 12 20 04:08:23 PM
Stratton with status 200 missing search text ' Privacy Policy ' at Oct 12 20 04:09:34 PM
Stratton with status 200 missing search text ' Privacy Policy ' at Oct 12 20 04:10:34 PM
Stratton with status 200 missing search text ' Privacy Policy ' at Oct 12 20 04:11:23 PM
Stratton with status 200 missing search text ' Privacy Policy ' at Oct 12 20 04:22:46 PM
Stratton with status 200 missing search text ' Privacy Policy ' at Oct 12 20 04:26:14 PM
Stratton with status 200 missing search text ' Privacy Policy ' at Oct 12 20 04:26:37 PM
Stratton with status 200 missing search text ' Privacy Policy ' at Oct 12 20 04:26:49 PM
Stratton with status 200 missing search text ' Privacy Policy ' at Oct 12 20 04:27:16 PM
Stratton with status 200 missing search text ' Privacy Policy ' at Oct 12 20 04:28:20 PM
Stratton with status 200 missing search text ' Privacy Policy ' at Oct 12 20 04:28:42 PM
Stratton with status 200 missing search text ' Privacy Policy ' at Oct 12 20 04:29:46 PM
Stratton with status 200 missing search text ' Privacy Policy ' at Oct 12 20 04:29:58 PM
Stratton with status 200 missing search text ' Privacy Policy ' at Oct 12 20 04:30:03 PM
Stratton with status 200 missing search text ' Privacy Policy ' at Oct 12 20 04:31:35 PM
Stratton with status 200 missing search text ' Privacy Policy ' at Oct 12 20 04:31:44 PM
Stratton with status 200 missing search text ' Privacy Policy ' at Oct 12 20 04:32:29 PM
Stratton with status 200 missing search text ' Privacy Policy ' at Oct 12 20 04:33:27 PM
Stratton with status 200 missing search text ' Privacy Policy ' at Oct 12 20 04:34:11 PM
Stratton with status 200 missing search text ' Privacy Policy ' at Oct 12 20 04:36:13 PM
Stratton with status 200 missing search text ' Privacy Policy ' at Oct 12 20 04:36:44 PM
Stratton with status 200 missing search text ' Privacy Policy ' at Oct 12 20 04:37:12 PM
